// Vitest Snapshot v1, https://vitest.dev/guide/snapshot.html

exports[`Button > should will snapshot 1`] = `
<div>
  <button
    class="test flex items-center gap-4 whitespace-nowrap rounded bg-brand-primary px-4 py-2 font-bold text-white hover:bg-brand-secondary"
  >
    <span />
    <p>
      Test
    </p>
  </button>
</div>
`;
